// Jest Snapshot v1, https://goo.gl/fbAQLP

exports[`Logo suite Renders correctly 1`] = `
<div
  className="sc-bdvvtL bxQDqD"
>
  Website.
</div>
`;
