// Jest Snapshot v1, https://goo.gl/fbAQLP

exports[`Post box Component should render correctly 1`] = `
<div
  className="make-post-wrapper"
>
  <div
    className="make-post-content"
  >
    <div
      className="make-post-header"
    >
      <b>
        NEW POST
      </b>
      <select
        className="privacy-select"
      >
        <option
          selected={true}
          value="public"
        >
          Anyone
        </option>
        <option
          value="another author"
        >
          Specific author
        </option>
        <option
          value="friends"
        >
          Friends
        </option>
        <option
          value="mutual friends"
        >
          Mutual friends
        </option>
        <option
          value="local friends"
        >
          Local friends
        </option>
        <option
          value="private"
        >
          Private
        </option>
      </select>
    </div>
    <UploadImageModal
      onHide={[Function]}
      onUpload={[Function]}
      show={false}
    />
    <PostPreviewModal
      imageObjectUrl=""
      onHide={[Function]}
      postContent=""
      show={false}
    />
    <form
      action="submit"
      className="make-post-input-wrapper"
    >
      <TextareaAutosize
        className="post-text-area"
        inputRef={[Function]}
        onChange={[Function]}
        onHeightChange={[Function]}
        placeholder="What's on your mind?"
        useCacheForDOMMeasurements={false}
      />
      <div
        className="make-post-buttons-wrapper"
      >
        <ImageOutlinedIcon
          className="icon"
          onClick={[Function]}
        />
        <button
          className="post-button"
          disabled={true}
          onClick={[Function]}
          type="submit"
        >
          Post
        </button>
      </div>
    </form>
  </div>
</div>
`;
