// Jest Snapshot v1, https://goo.gl/fbAQLP

exports[`SignUp suite Renders correctly 1`] = `
Array [
  <div
    className="MuiFormControl-root MuiTextField-root css-lxpoe1-MuiFormControl-root-MuiTextField-root"
  >
    <label
      className="MuiInputLabel-root MuiInputLabel-formControl MuiInputLabel-animated MuiInputLabel-standard MuiFormLabel-root MuiFormLabel-colorPrimary css-aqpgxn-MuiFormLabel-root-MuiInputLabel-root"
      data-shrink={false}
      htmlFor="standard-basic"
      id="standard-basic-label"
    >
      Email
    </label>
    <div
      className="MuiInput-root MuiInput-underline MuiInputBase-root MuiInputBase-colorPrimary MuiInputBase-formControl css-1480iag-MuiInputBase-root-MuiInput-root"
      onClick={[Function]}
    >
      <input
        aria-invalid={false}
        autoFocus={false}
        className="MuiInput-input MuiInputBase-input css-1x51dt5-MuiInputBase-input-MuiInput-input"
        disabled={false}
        id="standard-basic"
        onAnimationStart={[Function]}
        onBlur={[Function]}
        onChange={[Function]}
        onFocus={[Function]}
        required={false}
        type="text"
      />
    </div>
  </div>,
  <div
    className="MuiFormControl-root MuiTextField-root css-lxpoe1-MuiFormControl-root-MuiTextField-root"
  >
    <label
      className="MuiInputLabel-root MuiInputLabel-formControl MuiInputLabel-animated MuiInputLabel-standard MuiFormLabel-root MuiFormLabel-colorPrimary css-aqpgxn-MuiFormLabel-root-MuiInputLabel-root"
      data-shrink={false}
      htmlFor="standard-basic"
      id="standard-basic-label"
    >
      Password
    </label>
    <div
      className="MuiInput-root MuiInput-underline MuiInputBase-root MuiInputBase-colorPrimary MuiInputBase-formControl css-1480iag-MuiInputBase-root-MuiInput-root"
      onClick={[Function]}
    >
      <input
        aria-invalid={false}
        autoComplete="current-password"
        autoFocus={false}
        className="MuiInput-input MuiInputBase-input css-1x51dt5-MuiInputBase-input-MuiInput-input"
        disabled={false}
        id="standard-basic"
        onAnimationStart={[Function]}
        onBlur={[Function]}
        onChange={[Function]}
        onFocus={[Function]}
        required={false}
        type="password"
      />
    </div>
  </div>,
  <button
    className="MuiLoadingButton-root MuiButton-root MuiButton-contained MuiButton-containedPrimary MuiButton-sizeMedium MuiButton-containedSizeMedium MuiButtonBase-root css-abq3u9-MuiButtonBase-root-MuiButton-root-MuiLoadingButton-root"
    disabled={false}
    onBlur={[Function]}
    onClick={[Function]}
    onContextMenu={[Function]}
    onDragLeave={[Function]}
    onFocus={[Function]}
    onKeyDown={[Function]}
    onKeyUp={[Function]}
    onMouseDown={[Function]}
    onMouseLeave={[Function]}
    onMouseUp={[Function]}
    onTouchEnd={[Function]}
    onTouchMove={[Function]}
    onTouchStart={[Function]}
    tabIndex={0}
    type="button"
  >
    Sign in
  </button>,
]
`;
